// Jest Snapshot v1, https://goo.gl/fbAQLP

exports[`renders <Button/> correctly 1`] = `
<TouchableOpacity
  activeOpacity={0.8}
  onPress={[Function]}
  style={
    Array [
      Object {
        "alignItems": "center",
        "borderRadius": 5,
        "borderWidth": 1,
        "justifyContent": "center",
      },
      Object {
        "paddingVertical": 8,
      },
      Object {
        "borderColor": "#FF3C51",
      },
      undefined,
      undefined,
    ]
  }
>
  <View
    style={
      Object {
        "flexDirection": "row",
      }
    }
  >
    <Text
      style={
        Array [
          Object {},
          Object {
            "color": "#FF5839",
          },
          undefined,
        ]
      }
    >
      This is a button
    </Text>
  </View>
</TouchableOpacity>
`;
